[INFO] Error stacktraces are turned on.
[INFO] Scanning for projects...
[INFO] 
[INFO] --------------------------< com.ivor:empleos >--------------------------
[INFO] Building empleos 0.0.1-SNAPSHOT
[INFO]   from pom.xml
[INFO] --------------------------------[ jar ]---------------------------------
[INFO] 
[INFO] --- clean:3.4.1:clean (default-clean) @ empleos ---
[INFO] Deleting H:\curso_Desarrollo_web_Spring_Boot__3_Spring_Framework_5\01_Curso_Creacion_de_un__App_Empleos\esp_trab_appEmpleos_springBoot\empleos\target
[INFO] 
[INFO] --- resources:3.3.1:resources (default-resources) @ empleos ---
[INFO] Copying 1 resource from src\main\resources to target\classes
[INFO] Copying 236 resources from src\main\resources to target\classes
[INFO] 
[INFO] --- compiler:3.13.0:compile (default-compile) @ empleos ---
[INFO] Recompiling the module because of changed source code.
[INFO] Compiling 13 source files with javac [debug parameters release 21] to target\classes
[INFO] ------------------------------------------------------------------------
[INFO] BUILD SUCCESS
[INFO] ------------------------------------------------------------------------
[INFO] Total time:  43.938 s
[INFO] Finished at: 2026-04-16T00:35:36-04:00
[INFO] ------------------------------------------------------------------------
